Microchip MPLAB XC8 Compiler V2.40

Linker command line:

-W-3 \
  --edf=C:\Program Files\Microchip\xc8\v2.40\pic\dat\20220703182018_en.msgs \
  -cn -h+dist/default/debug\PF.X.debug.sym \
  --cmf=dist/default/debug\PF.X.debug.cmf -z -Q16F1827 \
  -oC:\Users\Rodrigo\AppData\Local\Temp\xcAs22g.4 --defsym=__MPLAB_BUILD=1 \
  --fixupoverflow=error -Mdist/default/debug/PF.X.debug.map \
  --md=C:\Users\Rodrigo\AppData\Local\Temp\xcAs22g.dat -E1 \
  -ver=XC8 Compiler --acfsm=1493 -ACODE=00h-07FFhx2 -ASTRCODE=00h-0FFFh \
  -ASTRING=00h-0FFhx16 -ACONST=00h-0FFhx16 -AENTRY=00h-0FFhx16 \
  -ACOMMON=070h-07Fh -ABANK0=020h-06Fh -ABANK1=0A0h-0EFh \
  -ABANK2=0120h-016Fh -ABANK3=01A0h-01EFh -ABANK4=0220h-024Fh \
  -ABIGRAM=02000h-0216Fh \
  -ARAM=020h-06Fh,0A0h-0EFh,0120h-016Fh,01A0h-01EFh,0220h-024Fh \
  -AABS1=020h-07Fh,0A0h-0EFh,0120h-016Fh,01A0h-01EFh,0220h-024Fh \
  -ASFR0=00h-01Fh -ASFR1=080h-09Fh -ASFR2=0100h-011Fh -ASFR3=0180h-019Fh \
  -ASFR4=0200h-021Fh -ASFR5=0280h-02EFh -ASFR6=0300h-036Fh \
  -ASFR7=0380h-03EFh -ASFR8=0400h-046Fh -ASFR9=0480h-04EFh \
  -ASFR10=0500h-056Fh -ASFR11=0580h-05EFh -ASFR12=0600h-066Fh \
  -ASFR13=0680h-06EFh -ASFR14=0700h-076Fh -ASFR15=0780h-07EFh \
  -ASFR16=0800h-086Fh -ASFR17=0880h-08EFh -ASFR18=0900h-096Fh \
  -ASFR19=0980h-09EFh -ASFR20=0A00h-0A6Fh -ASFR21=0A80h-0AEFh \
  -ASFR22=0B00h-0B6Fh -ASFR23=0B80h-0BEFh -ASFR24=0C00h-0C6Fh \
  -ASFR25=0C80h-0CEFh -ASFR26=0D00h-0D6Fh -ASFR27=0D80h-0DEFh \
  -ASFR28=0E00h-0E6Fh -ASFR29=0E80h-0EEFh -ASFR30=0F00h-0F6Fh \
  -ASFR31=0F80h-0FEFh -ACONFIG=08007h-08008h -DCONFIG=2 \
  -AIDLOC=08000h-08003h -DIDLOC=2 -AEEDATA=00h-0FFh/0F000h \
  -peeprom_data=EEDATA -DEEDATA=2 -DCODE=2 -DSTRCODE=2 -DSTRING=2 -DCONST=2 \
  -DENTRY=2 -preset_vec=00h,intentry=04h,init,end_init -ppowerup=CODE \
  -pcinit=CODE -pfunctab=ENTRY -k \
  C:\Users\Rodrigo\AppData\Local\Temp\xcAs22g.o \
  dist/default/debug\PF.X.debug.o 

Object code version is 3.11

Machine type is 16F1827



                Name                               Link     Load   Length Selector   Space Scale
C:\Users\Rodrigo\AppData\Local\Temp\xcAs22g.o
                end_init                             6A       6A        2        8       0
                reset_vec                             0        0        2        0       0
                config                             8007     8007        2        0       4
                idloc                              8000     8000        4        0       5
dist/default/debug\PF.X.debug.o
                cinit                                6C       6C       24        8       0
                intentry                              4        4       66        8       0
                eeprom_data                           0     F000       20    1E000       3
                config                             8007     8007        2        0       4
                idloc                              8000     8000        4        0       5
                text66                              9F8      9F8        1     13F0       0
                text65                              B6C      B6C       14     16D8       0
                text64                              9F9      9F9        1     13F2       0
                text63                              B80      B80       14     1700       0
                text62                              B26      B26       11     164C       0
                text61                              CE8      CE8       4C     19D0       0
                text60                              9FA      9FA        1     13F4       0
                text59                              B48      B48       12     1690       0
                text58                              A30      A30        7     1460       0
                text57                              AA1      AA1        B     1542       0
                text56                              9FB      9FB        1     13F6       0
                text55                              AD0      AD0        D     15A0       0
                text54                              A0E      A0E        5     141C       0
                text53                              AEA      AEA        F     15D4       0
                text52                              AF9      AF9        F     15F2       0
                text51                              B37      B37       11     166E       0
                text50                              9FC      9FC        1     13F8       0
                text49                              BA8      BA8       16     1750       0
                text48                              A8D      A8D        A     151A       0
                text47                              4FC      4FC      1AA        8       0
                text46                              E57      E57       71     1CAE       0
                text45                              D8F      D8F       62     1B1E       0
                text44                              9FD      9FD        1     13FA       0
                text43                              B08      B08        F     1610       0
                text41                              BF3      BF3       1D     17E6       0
                text40                              B17      B17        F     162E       0
                text39                              A13      A13        5     1426       0
                text38                              D34      D34       5B     1A68       0
                text37                              A3E      A3E        8     147C       0
                text36                              A4E      A4E        9     149C       0
                text35                              B5A      B5A       12     16B4       0
                text34                              AAC      AAC        C     1558       0
                text33                              AB8      AB8        C     1570       0
                text32                              A18      A18        6     1430       0
                text31                              A57      A57        9     14AE       0
                text30                              A60      A60        9     14C0       0
                text29                              A69      A69        9     14D2       0
                text28                              C10      C10       25     1820       0
                text27                              A72      A72        9     14E4       0
                text26                              ADD      ADD        D     15BA       0
                text25                              9FE      9FE        4     13FC       0
                text24                              A37      A37        7     146E       0
                text23                              A1E      A1E        6     143C       0
                text22                              A24      A24        6     1448       0
                text21                              CB8      CB8       30     1970       0
                text20                              A97      A97        A     152E       0
                text19                              AC4      AC4        C     1588       0
                text18                              A7B      A7B        9     14F6       0
                text17                              BBE      BBE       19     177C       0
                text16                              A46      A46        8     148C       0
                text15                              A84      A84        9     1508       0
                text14                              B94      B94       14     1728       0
                text13                              A02      A02        4     1404       0
                text12                              7CB      7CB       31        8       0
                text11                              2F8      2F8      204        8       0
                text10                              C5F      C5F       2B     18BE       0
                text9                                90       90      268        8       0
                text8                               EC8      EC8       71     1D90       0
                text7                               F39      F39       C7     1E72       0
                text6                               BD7      BD7       1C     17AE       0
                text5                               C35      C35       2A     186A       0
                text4                               DF1      DF1       66     1BE2       0
                text3                               A06      A06        4     140C       0
                text2                               A0A      A0A        4     1414       0
                text1                               C8A      C8A       2E     1914       0
                maintext                            6A6      6A6      125        8       0
                cstackBANK0                          20       20       1D       20       1
                cstackCOMMON                         70       70        E       70       1
                cstackBANK1                          A0       A0       31       A0       1
                cstackBANK2                         120      120       19      120       1
                clrtext                             A2A      A2A        6     1454       0
                bssBANK2                            139      139        8      120       1
                bssBANK1                             D1       D1       10       A0       1
                dataBANK0                            55       55        2       20       1
                bssBANK0                             3D       3D       12       20       1
                nvBANK1                              E1       E1        E       A0       1
                nvBANK0                              4F       4F        6       20       1
                stringtext1                         7FC      7FC        4      FF8       0
                idataBANK0                            2        2        2        0       0

TOTAL           Name                               Link     Load   Length     Space
        CLASS   CODE           
                end_init                             6A       6A        2         0
                cinit                                6C       6C       24         0
                intentry                              4        4       66         0
                reset_vec                             0        0        2         0
                text66                              9F8      9F8        1         0
                text65                              B6C      B6C       14         0
                text64                              9F9      9F9        1         0
                text63                              B80      B80       14         0
                text62                              B26      B26       11         0
                text61                              CE8      CE8       4C         0
                text60                              9FA      9FA        1         0
                text59                              B48      B48       12         0
                text58                              A30      A30        7         0
                text57                              AA1      AA1        B         0
                text56                              9FB      9FB        1         0
                text55                              AD0      AD0        D         0
                text54                              A0E      A0E        5         0
                text53                              AEA      AEA        F         0
                text52                              AF9      AF9        F         0
                text51                              B37      B37       11         0
                text50                              9FC      9FC        1         0
                text49                              BA8      BA8       16         0
                text48                              A8D      A8D        A         0
                text47                              4FC      4FC      1AA         0
                text46                              E57      E57       71         0
                text45                              D8F      D8F       62         0
                text44                              9FD      9FD        1         0
                text43                              B08      B08        F         0
                text41                              BF3      BF3       1D         0
                text40                              B17      B17        F         0
                text39                              A13      A13        5         0
                text38                              D34      D34       5B         0
                text37                              A3E      A3E        8         0
                text36                              A4E      A4E        9         0
                text35                              B5A      B5A       12         0
                text34                              AAC      AAC        C         0
                text33                              AB8      AB8        C         0
                text32                              A18      A18        6         0
                text31                              A57      A57        9         0
                text30                              A60      A60        9         0
                text29                              A69      A69        9         0
                text28                              C10      C10       25         0
                text27                              A72      A72        9         0
                text26                              ADD      ADD        D         0
                text25                              9FE      9FE        4         0
                text24                              A37      A37        7         0
                text23                              A1E      A1E        6         0
                text22                              A24      A24        6         0
                text21                              CB8      CB8       30         0
                text20                              A97      A97        A         0
                text19                              AC4      AC4        C         0
                text18                              A7B      A7B        9         0
                text17                              BBE      BBE       19         0
                text16                              A46      A46        8         0
                text15                              A84      A84        9         0
                text14                              B94      B94       14         0
                text13                              A02      A02        4         0
                text12                              7CB      7CB       31         0
                text11                              2F8      2F8      204         0
                text10                              C5F      C5F       2B         0
                text9                                90       90      268         0
                text8                               EC8      EC8       71         0
                text7                               F39      F39       C7         0
                text6                               BD7      BD7       1C         0
                text5                               C35      C35       2A         0
                text4                               DF1      DF1       66         0
                text3                               A06      A06        4         0
                text2                               A0A      A0A        4         0
                text1                               C8A      C8A       2E         0
                maintext                            6A6      6A6      125         0
                clrtext                             A2A      A2A        6         0
                idataBANK0                            2        2        2         0

        CLASS   STRCODE        
                stringtext1                         7FC      7FC        4         0

        CLASS   STRING         

        CLASS   CONST          

        CLASS   ENTRY          

        CLASS   COMMON         
                cstackCOMMON                         70       70        E         1

        CLASS   BANK0          
                cstackBANK0                          20       20       1D         1
                dataBANK0                            55       55        2         1
                bssBANK0                             3D       3D       12         1
                nvBANK0                              4F       4F        6         1

        CLASS   BANK1          
                cstackBANK1                          A0       A0       31         1
                bssBANK1                             D1       D1       10         1
                nvBANK1                              E1       E1        E         1

        CLASS   BANK2          
                cstackBANK2                         120      120       19         1
                bssBANK2                            139      139        8         1

        CLASS   BANK3          

        CLASS   BANK4          

        CLASS   BIGRAM         

        CLASS   RAM            

        CLASS   ABS1           
                abs_s1                               7E       7E        2         1

        CLASS   SFR0           

        CLASS   SFR1           

        CLASS   SFR2           

        CLASS   SFR3           

        CLASS   SFR4           

        CLASS   SFR5           

        CLASS   SFR6           

        CLASS   SFR7           

        CLASS   SFR8           

        CLASS   SFR9           

        CLASS   SFR10          

        CLASS   SFR11          

        CLASS   SFR12          

        CLASS   SFR13          

        CLASS   SFR14          

        CLASS   SFR15          

        CLASS   SFR16          

        CLASS   SFR17          

        CLASS   SFR18          

        CLASS   SFR19          

        CLASS   SFR20          

        CLASS   SFR21          

        CLASS   SFR22          

        CLASS   SFR23          

        CLASS   SFR24          

        CLASS   SFR25          

        CLASS   SFR26          

        CLASS   SFR27          

        CLASS   SFR28          

        CLASS   SFR29          

        CLASS   SFR30          

        CLASS   SFR31          

        CLASS   CONFIG         
                config                             8007     8007        2         4

        CLASS   IDLOC          
                idloc                              8000     8000        4         5

        CLASS   EEDATA         
                eeprom_data                           0     F000       20         3

        CLASS   BANK31         

        CLASS   BANK30         

        CLASS   BANK29         

        CLASS   BANK28         

        CLASS   BANK27         

        CLASS   BANK26         

        CLASS   BANK25         

        CLASS   BANK24         

        CLASS   BANK23         

        CLASS   BANK22         

        CLASS   BANK21         

        CLASS   BANK20         

        CLASS   BANK19         

        CLASS   BANK18         

        CLASS   BANK17         

        CLASS   BANK16         

        CLASS   BANK15         

        CLASS   BANK14         

        CLASS   BANK13         

        CLASS   BANK12         

        CLASS   BANK11         

        CLASS   BANK10         

        CLASS   BANK9          

        CLASS   BANK8          

        CLASS   BANK7          

        CLASS   BANK6          

        CLASS   BANK5          

        CLASS   HEAP           

        CLASS   STACK          



SEGMENTS        Name                           Load    Length   Top    Selector   Space  Class     Delta

                reset_vec                      000000  000004  000004         0       0  CODE        2
                intentry                       000004  0007F8  0007FC         8       0  CODE        2
                cstackBANK0                    000020  000037  000057        20       1  BANK0       1
                cstackCOMMON                   000070  00000E  00007E        70       1  COMMON      1
                cstackBANK1                    0000A0  00004F  0000EF        A0       1  BANK1       1
                cstackBANK2                    000120  000021  000141       120       1  BANK2       1
                stringtext1                    0007FC  000004  000800       FF8       0  STRCODE     2
                text66                         0009F8  000001  0009F9      13F0       0  CODE        2
                text64                         0009F9  000001  0009FA      13F2       0  CODE        2
                text60                         0009FA  000001  0009FB      13F4       0  CODE        2
                text56                         0009FB  000001  0009FC      13F6       0  CODE        2
                text50                         0009FC  000001  0009FD      13F8       0  CODE        2
                text44                         0009FD  000001  0009FE      13FA       0  CODE        2
                text25                         0009FE  000004  000A02      13FC       0  CODE        2
                text13                         000A02  000004  000A06      1404       0  CODE        2
                text3                          000A06  000004  000A0A      140C       0  CODE        2
                text2                          000A0A  000004  000A0E      1414       0  CODE        2
                text54                         000A0E  000005  000A13      141C       0  CODE        2
                text39                         000A13  000005  000A18      1426       0  CODE        2
                text32                         000A18  000006  000A1E      1430       0  CODE        2
                text23                         000A1E  000006  000A24      143C       0  CODE        2
                text22                         000A24  000006  000A2A      1448       0  CODE        2
                clrtext                        000A2A  000006  000A30      1454       0  CODE        2
                text58                         000A30  000007  000A37      1460       0  CODE        2
                text24                         000A37  000007  000A3E      146E       0  CODE        2
                text37                         000A3E  000008  000A46      147C       0  CODE        2
                text16                         000A46  000008  000A4E      148C       0  CODE        2
                text36                         000A4E  000009  000A57      149C       0  CODE        2
                text31                         000A57  000009  000A60      14AE       0  CODE        2
                text30                         000A60  000009  000A69      14C0       0  CODE        2
                text29                         000A69  000009  000A72      14D2       0  CODE        2
                text27                         000A72  000009  000A7B      14E4       0  CODE        2
                text18                         000A7B  000009  000A84      14F6       0  CODE        2
                text15                         000A84  000009  000A8D      1508       0  CODE        2
                text48                         000A8D  00000A  000A97      151A       0  CODE        2
                text20                         000A97  00000A  000AA1      152E       0  CODE        2
                text57                         000AA1  00000B  000AAC      1542       0  CODE        2
                text34                         000AAC  00000C  000AB8      1558       0  CODE        2
                text33                         000AB8  00000C  000AC4      1570       0  CODE        2
                text19                         000AC4  00000C  000AD0      1588       0  CODE        2
                text55                         000AD0  00000D  000ADD      15A0       0  CODE        2
                text26                         000ADD  00000D  000AEA      15BA       0  CODE        2
                text53                         000AEA  00000F  000AF9      15D4       0  CODE        2
                text52                         000AF9  00000F  000B08      15F2       0  CODE        2
                text43                         000B08  00000F  000B17      1610       0  CODE        2
                text40                         000B17  00000F  000B26      162E       0  CODE        2
                text62                         000B26  000011  000B37      164C       0  CODE        2
                text51                         000B37  000011  000B48      166E       0  CODE        2
                text59                         000B48  000012  000B5A      1690       0  CODE        2
                text35                         000B5A  000012  000B6C      16B4       0  CODE        2
                text65                         000B6C  000014  000B80      16D8       0  CODE        2
                text63                         000B80  000014  000B94      1700       0  CODE        2
                text14                         000B94  000014  000BA8      1728       0  CODE        2
                text49                         000BA8  000016  000BBE      1750       0  CODE        2
                text17                         000BBE  000019  000BD7      177C       0  CODE        2
                text6                          000BD7  00001C  000BF3      17AE       0  CODE        2
                text41                         000BF3  00001D  000C10      17E6       0  CODE        2
                text28                         000C10  000025  000C35      1820       0  CODE        2
                text5                          000C35  00002A  000C5F      186A       0  CODE        2
                text10                         000C5F  00002B  000C8A      18BE       0  CODE        2
                text1                          000C8A  00002E  000CB8      1914       0  CODE        2
                text21                         000CB8  000030  000CE8      1970       0  CODE        2
                text61                         000CE8  00004C  000D34      19D0       0  CODE        2
                text38                         000D34  00005B  000D8F      1A68       0  CODE        2
                text45                         000D8F  000062  000DF1      1B1E       0  CODE        2
                text4                          000DF1  000066  000E57      1BE2       0  CODE        2
                text46                         000E57  000071  000EC8      1CAE       0  CODE        2
                text8                          000EC8  000071  000F39      1D90       0  CODE        2
                text7                          000F39  0000C7  001000      1E72       0  CODE        2
                eeprom_data                    00F000  000020  00F020     1E000       3  EEDATA      2


UNUSED ADDRESS RANGES

        Name                Unused          Largest block    Delta
        BANK0            00057-0006F              19           1
        BANK1            000EF-000EF               1           1
        BANK2            00141-0016F              2F           1
        BANK3            001A0-001EF              50           1
        BANK4            00220-0024F              30           1
        BIGRAM           02000-0216F             170           1
        CODE             00800-009F7             1F8           2
        CONST            00800-009F7             100           2
        EEDATA           0F020-0F0FF              E0           2
        ENTRY            00800-009F7             100           2
        RAM              00057-0006F              19           1
                         000EF-000EF               1
                         00141-0016F              2F
                         001A0-001EF              50
                         00220-0024F              30
        SFR0             00000-0001F              20           1
        SFR1             00080-0009F              20           1
        SFR10            00500-0056F              70           1
        SFR11            00580-005EF              70           1
        SFR12            00600-0066F              70           1
        SFR13            00680-006EF              70           1
        SFR14            00700-0076F              70           1
        SFR15            00780-007EF              70           1
        SFR16            00800-0086F              70           1
        SFR17            00880-008EF              70           1
        SFR18            00900-0096F              70           1
        SFR19            00980-009EF              70           1
        SFR2             00100-0011F              20           1
        SFR20            00A00-00A6F              70           1
        SFR21            00A80-00AEF              70           1
        SFR22            00B00-00B6F              70           1
        SFR23            00B80-00BEF              70           1
        SFR24            00C00-00C6F              70           1
        SFR25            00C80-00CEF              70           1
        SFR26            00D00-00D6F              70           1
        SFR27            00D80-00DEF              70           1
        SFR28            00E00-00E6F              70           1
        SFR29            00E80-00EEF              70           1
        SFR3             00180-0019F              20           1
        SFR30            00F00-00F6F              70           1
        SFR31            00F80-00FEF              70           1
        SFR4             00200-0021F              20           1
        SFR5             00280-002EF              70           1
        SFR6             00300-0036F              70           1
        SFR7             00380-003EF              70           1
        SFR8             00400-0046F              70           1
        SFR9             00480-004EF              70           1
        STRCODE          00800-009F7             1F8           2
        STRING           00800-009F7             100           2

                                  Symbol Table

?_ADC_GetConversion                            cstackBANK0  00039
?__Umul8_16                                    cstackBANK0  00039
?___fldiv                                      cstackBANK1  000C4
?___flmul                                      cstackBANK1  000AA
?___fltol                                      cstackBANK2  0012D
?___xxtofl                                     cstackBANK0  00039
?i1___fldiv                                    cstackCOMMON 00070
?i1___fltol                                    cstackBANK0  0002D
ADC_GetConversion@channel                      cstackBANK0  0003C
CCP4_CaptureISR@module                         cstackCOMMON 00075
CCP4_SetCallBack@customCallBack                cstackBANK0  00039
EUSART_SetErrorHandler@interruptHandler        cstackBANK0  00039
EUSART_SetFramingErrorHandler@interruptHandler cstackBANK0  00039
EUSART_SetOverrunErrorHandler@interruptHandler cstackBANK0  00039
EUSART_Write@txData                            cstackCOMMON 00070
Encoder@encoder_value                          cstackCOMMON 00072
INT_SetInterruptHandler@InterruptHandler       cstackBANK0  00039
IOCBF6_SetInterruptHandler@InterruptHandler    cstackBANK0  00039
IOCBF7_SetInterruptHandler@InterruptHandler    cstackBANK0  00039
PWM3_LoadDutyValue@dutyValue                   cstackBANK0  00039
SPI1_Open@spi1UniqueConfiguration              cstackBANK0  0003C
TMR1_SetInterruptHandler@InterruptHandler      cstackBANK0  00039
TMR1_WriteTimer@timerVal                       cstackCOMMON 00070
TMR4_SetInterruptHandler@InterruptHandler      cstackBANK0  00039
_ADCON0                                        (abs)        0009D
_ADCON0bits                                    (abs)        0009D
_ADCON1                                        (abs)        0009E
_ADC_GetConversion                             text41       00BF3
_ADC_Initialize                                text37       00A3E
_ADRESH                                        (abs)        0009C
_ADRESL                                        (abs)        0009B
_ANSELA                                        (abs)        0018C
_ANSELB                                        (abs)        0018D
_APFCON0                                       (abs)        0011D
_APFCON1                                       (abs)        0011E
_BAUDCON                                       (abs)        0019F
_BORCON                                        (abs)        00116
_CCP3CON                                       (abs)        00313
_CCP4CON                                       (abs)        0031A
_CCP4_CallBack                                 nvBANK1      000E1
_CCP4_CaptureISR                               text59       00B48
_CCP4_DefaultCallBack                          text60       009FA
_CCP4_Initialize                               text35       00B5A
_CCP4_SetCallBack                              text36       00A4E
_CCPR3H                                        (abs)        00312
_CCPR3L                                        (abs)        00311
_CCPR4H                                        (abs)        00319
_CCPR4L                                        (abs)        00318
_CCPTMRS0bits                                  (abs)        0029E
_CM1CON0                                       (abs)        00111
_CM1CON1                                       (abs)        00112
_CM2CON0                                       (abs)        00113
_CM2CON1                                       (abs)        00114
_CMOUTbits                                     (abs)        00115
_CMP1_GetOutputStatus                          text3        00A06
_CMP1_ISR                                      text58       00A30
_CMP1_Initialize                               text34       00AAC
_CMP2_GetOutputStatus                          text2        00A0A
_CMP2_ISR                                      text57       00AA1
_CMP2_Initialize                               text33       00AB8
_DACCON0                                       (abs)        00118
_DACCON1                                       (abs)        00119
_DAC_Initialize                                text32       00A18
_EEADRH                                        (abs)        00192
_EEADRL                                        (abs)        00191
_EECON1bits                                    (abs)        00195
_EECON2                                        (abs)        00196
_EEDATH                                        (abs)        00194
_EEDATL                                        (abs)        00193
_EUSART_DefaultErrorHandler                    (abs)        00000
_EUSART_DefaultFramingErrorHandler             (abs)        00000
_EUSART_DefaultOverrunErrorHandler             (abs)        00000
_EUSART_ErrorHandler                           nvBANK1      000E5
_EUSART_FramingErrorHandler                    nvBANK1      000E9
_EUSART_Initialize                             text28       00C10
_EUSART_OverrunErrorHandler                    nvBANK1      000E7
_EUSART_Read                                   text40       00B17
_EUSART_SetErrorHandler                        text31       00A57
_EUSART_SetFramingErrorHandler                 text30       00A60
_EUSART_SetOverrunErrorHandler                 text29       00A69
_EUSART_Write                                  text48       00A8D
_EUSART_is_rx_ready                            text39       00A13
_EXT_INT_Initialize                            text26       00ADD
_Encoder                                       text61       00CE8
_FVRCON                                        (abs)        00117
_FVRCONbits                                    (abs)        00117
_FVR_Initialize                                text25       009FE
_INTCONbits                                    (abs)        0000B
_INTERRUPT_InterruptManager                    intentry     00004
_INT_CallBack                                  text55       00AD0
_INT_DefaultInterruptHandler                   text56       009FB
_INT_ISR                                       text54       00A0E
_INT_InterruptHandler                          nvBANK1      000E3
_INT_SetInterruptHandler                       text27       00A72
_IOCBF6_DefaultInterruptHandler                text64       009F9
_IOCBF6_ISR                                    text53       00AEA
_IOCBF6_InterruptHandler                       nvBANK0      00051
_IOCBF6_SetInterruptHandler                    text23       00A1E
_IOCBF7_DefaultInterruptHandler                text66       009F8
_IOCBF7_ISR                                    text52       00AF9
_IOCBF7_InterruptHandler                       nvBANK0      0004F
_IOCBF7_SetInterruptHandler                    text22       00A24
_IOCBFbits                                     (abs)        00396
_IOCBNbits                                     (abs)        00395
_IOCBPbits                                     (abs)        00394
_LATA                                          (abs)        0010C
_LATAbits                                      (abs)        0010C
_LATB                                          (abs)        0010D
_LEDs                                          bssBANK1     000D1
_OPTION_REGbits                                (abs)        00095
_OSCCON                                        (abs)        00099
_OSCILLATOR_Initialize                         text24       00A37
_OSCTUNE                                       (abs)        00098
_PIE1bits                                      (abs)        00091
_PIE2bits                                      (abs)        00092
_PIE3bits                                      (abs)        00093
_PIN_MANAGER_IOC                               text51       00B37
_PIN_MANAGER_Initialize                        text21       00CB8
_PIR1bits                                      (abs)        00011
_PIR2bits                                      (abs)        00012
_PIR3bits                                      (abs)        00013
_PORTBbits                                     (abs)        0000D
_PR2                                           (abs)        0001B
_PR4                                           (abs)        00416
_PWM3_Initialize                               text20       00A97
_PWM3_LoadDutyValue                            text6        00BD7
_RCREG                                         (abs)        00199
_RCSTA                                         (abs)        0019D
_RCSTAbits                                     (abs)        0019D
_SPBRGH                                        (abs)        0019C
_SPBRGL                                        (abs)        0019B
_SPI1_Initialize                               text19       00AC4
_SPI1_Open                                     text38       00D34
_SSP1ADD                                       (abs)        00212
_SSP1BUF                                       (abs)        00211
_SSP1CON1                                      (abs)        00215
_SSP1CON1bits                                  (abs)        00215
_SSP1CON2                                      (abs)        00216
_SSP1STAT                                      (abs)        00214
_SYSTEM_Initialize                             text12       007CB
_T1CON                                         (abs)        00018
_T1CONbits                                     (abs)        00018
_T1GCON                                        (abs)        00019
_T1GCONbits                                    (abs)        00019
_T2CON                                         (abs)        0001C
_T2CONbits                                     (abs)        0001C
_T4CON                                         (abs)        00417
_T4CONbits                                     (abs)        00417
_TMR1H                                         (abs)        00017
_TMR1L                                         (abs)        00016
_TMR1_DefaultInterruptHandler                  text50       009FC
_TMR1_ISR                                      text49       00BA8
_TMR1_Initialize                               text17       00BBE
_TMR1_InterruptHandler                         nvBANK1      000EB
_TMR1_SetInterruptHandler                      text18       00A7B
_TMR1_WriteTimer                               text62       00B26
_TMR2                                          (abs)        0001A
_TMR2_Initialize                               text16       00A46
_TMR4                                          (abs)        00415
_TMR4_DefaultInterruptHandler                  text44       009FD
_TMR4_ISR                                      text43       00B08
_TMR4_Initialize                               text14       00B94
_TMR4_InterruptHandler                         nvBANK1      000ED
_TMR4_SetInterruptHandler                      text15       00A84
_TRISA                                         (abs)        0008C
_TRISB                                         (abs)        0008D
_TRISBbits                                     (abs)        0008D
_TXREG                                         (abs)        0019A
_TXSTA                                         (abs)        0019E
_TXSTAbits                                     (abs)        0019E
_WDTCON                                        (abs)        00097
_WDT_Initialize                                text13       00A02
_WPUA                                          (abs)        0020C
_WPUB                                          (abs)        0020D
__Beeprom_data                                 eeprom_data  0F000
__Habs1                                        abs1         00000
__Hbank0                                       bank0        00000
__Hbank1                                       bank1        00000
__Hbank10                                      bank10       00000
__Hbank11                                      bank11       00000
__Hbank12                                      bank12       00000
__Hbank13                                      bank13       00000
__Hbank14                                      bank14       00000
__Hbank15                                      bank15       00000
__Hbank16                                      bank16       00000
__Hbank17                                      bank17       00000
__Hbank18                                      bank18       00000
__Hbank19                                      bank19       00000
__Hbank2                                       bank2        00000
__Hbank20                                      bank20       00000
__Hbank21                                      bank21       00000
__Hbank22                                      bank22       00000
__Hbank23                                      bank23       00000
__Hbank24                                      bank24       00000
__Hbank25                                      bank25       00000
__Hbank26                                      bank26       00000
__Hbank27                                      bank27       00000
__Hbank28                                      bank28       00000
__Hbank29                                      bank29       00000
__Hbank3                                       bank3        00000
__Hbank30                                      bank30       00000
__Hbank31                                      bank31       00000
__Hbank4                                       bank4        00000
__Hbank5                                       bank5        00000
__Hbank6                                       bank6        00000
__Hbank7                                       bank7        00000
__Hbank8                                       bank8        00000
__Hbank9                                       bank9        00000
__Hbigram                                      bigram       00000
__HbssBANK0                                    bssBANK0     00000
__HbssBANK1                                    bssBANK1     00000
__HbssBANK2                                    bssBANK2     00000
__Hcinit                                       cinit        00090
__Hclrtext                                     clrtext      00000
__Hcode                                        code         00000
__Hcommon                                      common       00000
__Hconfig                                      config       08009
__HcstackBANK0                                 cstackBANK0  00000
__HcstackBANK1                                 cstackBANK1  00000
__HcstackBANK2                                 cstackBANK2  00000
__HcstackCOMMON                                cstackCOMMON 00000
__HdataBANK0                                   dataBANK0    00000
__Heeprom_data                                 eeprom_data  00020
__Hend_init                                    end_init     0006C
__Hfunctab                                     functab      00000
__Hheap                                        heap         00000
__HidataBANK0                                  idataBANK0   00000
__Hidloc                                       idloc        08004
__Hinit                                        init         0006A
__Hintentry                                    intentry     0006A
__Hmaintext                                    maintext     00000
__HnvBANK0                                     nvBANK0      00000
__HnvBANK1                                     nvBANK1      00000
__Hpowerup                                     powerup      00000
__Hram                                         ram          00000
__Hreset_vec                                   reset_vec    00002
__Hsfr0                                        sfr0         00000
__Hsfr1                                        sfr1         00000
__Hsfr10                                       sfr10        00000
__Hsfr11                                       sfr11        00000
__Hsfr12                                       sfr12        00000
__Hsfr13                                       sfr13        00000
__Hsfr14                                       sfr14        00000
__Hsfr15                                       sfr15        00000
__Hsfr16                                       sfr16        00000
__Hsfr17                                       sfr17        00000
__Hsfr18                                       sfr18        00000
__Hsfr19                                       sfr19        00000
__Hsfr2                                        sfr2         00000
__Hsfr20                                       sfr20        00000
__Hsfr21                                       sfr21        00000
__Hsfr22                                       sfr22        00000
__Hsfr23                                       sfr23        00000
__Hsfr24                                       sfr24        00000
__Hsfr25                                       sfr25        00000
__Hsfr26                                       sfr26        00000
__Hsfr27                                       sfr27        00000
__Hsfr28                                       sfr28        00000
__Hsfr29                                       sfr29        00000
__Hsfr3                                        sfr3         00000
__Hsfr30                                       sfr30        00000
__Hsfr31                                       sfr31        00000
__Hsfr4                                        sfr4         00000
__Hsfr5                                        sfr5         00000
__Hsfr6                                        sfr6         00000
__Hsfr7                                        sfr7         00000
__Hsfr8                                        sfr8         00000
__Hsfr9                                        sfr9         00000
__Hspace_0                                     (abs)        01000
__Hspace_1                                     (abs)        00141
__Hspace_2                                     (abs)        00000
__Hspace_3                                     (abs)        00020
__Hspace_4                                     (abs)        10010
__Hstack                                       stack        00000
__Hstrings                                     strings      00000
__Hstringtext1                                 stringtext1  00000
__Htext                                        text         00000
__Labs1                                        abs1         00000
__Lbank0                                       bank0        00000
__Lbank1                                       bank1        00000
__Lbank10                                      bank10       00000
__Lbank11                                      bank11       00000
__Lbank12                                      bank12       00000
__Lbank13                                      bank13       00000
__Lbank14                                      bank14       00000
__Lbank15                                      bank15       00000
__Lbank16                                      bank16       00000
__Lbank17                                      bank17       00000
__Lbank18                                      bank18       00000
__Lbank19                                      bank19       00000
__Lbank2                                       bank2        00000
__Lbank20                                      bank20       00000
__Lbank21                                      bank21       00000
__Lbank22                                      bank22       00000
__Lbank23                                      bank23       00000
__Lbank24                                      bank24       00000
__Lbank25                                      bank25       00000
__Lbank26                                      bank26       00000
__Lbank27                                      bank27       00000
__Lbank28                                      bank28       00000
__Lbank29                                      bank29       00000
__Lbank3                                       bank3        00000
__Lbank30                                      bank30       00000
__Lbank31                                      bank31       00000
__Lbank4                                       bank4        00000
__Lbank5                                       bank5        00000
__Lbank6                                       bank6        00000
__Lbank7                                       bank7        00000
__Lbank8                                       bank8        00000
__Lbank9                                       bank9        00000
__Lbigram                                      bigram       00000
__LbssBANK0                                    bssBANK0     00000
__LbssBANK1                                    bssBANK1     00000
__LbssBANK2                                    bssBANK2     00000
__Lcinit                                       cinit        0006C
__Lclrtext                                     clrtext      00000
__Lcode                                        code         00000
__Lcommon                                      common       00000
__Lconfig                                      config       00000
__LcstackBANK0                                 cstackBANK0  00000
__LcstackBANK1                                 cstackBANK1  00000
__LcstackBANK2                                 cstackBANK2  00000
__LcstackCOMMON                                cstackCOMMON 00000
__LdataBANK0                                   dataBANK0    00000
__Leeprom_data                                 eeprom_data  00000
__Lend_init                                    end_init     0006A
__Lfunctab                                     functab      00000
__Lheap                                        heap         00000
__LidataBANK0                                  idataBANK0   00000
__Lidloc                                       idloc        00000
__Linit                                        init         0006A
__Lintentry                                    intentry     00004
__Lmaintext                                    maintext     00000
__LnvBANK0                                     nvBANK0      00000
__LnvBANK1                                     nvBANK1      00000
__Lpowerup                                     powerup      00000
__Lram                                         ram          00000
__Lreset_vec                                   reset_vec    00000
__Lsfr0                                        sfr0         00000
__Lsfr1                                        sfr1         00000
__Lsfr10                                       sfr10        00000
__Lsfr11                                       sfr11        00000
__Lsfr12                                       sfr12        00000
__Lsfr13                                       sfr13        00000
__Lsfr14                                       sfr14        00000
__Lsfr15                                       sfr15        00000
__Lsfr16                                       sfr16        00000
__Lsfr17                                       sfr17        00000
__Lsfr18                                       sfr18        00000
__Lsfr19                                       sfr19        00000
__Lsfr2                                        sfr2         00000
__Lsfr20                                       sfr20        00000
__Lsfr21                                       sfr21        00000
__Lsfr22                                       sfr22        00000
__Lsfr23                                       sfr23        00000
__Lsfr24                                       sfr24        00000
__Lsfr25                                       sfr25        00000
__Lsfr26                                       sfr26        00000
__Lsfr27                                       sfr27        00000
__Lsfr28                                       sfr28        00000
__Lsfr29                                       sfr29        00000
__Lsfr3                                        sfr3         00000
__Lsfr30                                       sfr30        00000
__Lsfr31                                       sfr31        00000
__Lsfr4                                        sfr4         00000
__Lsfr5                                        sfr5         00000
__Lsfr6                                        sfr6         00000
__Lsfr7                                        sfr7         00000
__Lsfr8                                        sfr8         00000
__Lsfr9                                        sfr9         00000
__Lspace_0                                     (abs)        00000
__Lspace_1                                     (abs)        00000
__Lspace_2                                     (abs)        00000
__Lspace_3                                     (abs)        00000
__Lspace_4                                     (abs)        00000
__Lstack                                       stack        00000
__Lstrings                                     strings      00000
__Lstringtext1                                 stringtext1  00000
__Ltext                                        text         00000
__S0                                           (abs)        01000
__S1                                           (abs)        00141
__S3                                           (abs)        0F020
__Umul8_16                                     text10       00C5F
__Umul8_16@multiplicand                        cstackBANK0  00039
__Umul8_16@multiplier                          cstackBANK1  000A4
__Umul8_16@product                             cstackBANK1  000A0
__Umul8_16@word_mpld                           cstackBANK1  000A2
___fldiv                                       text11       002F8
___fldiv@a                                     cstackBANK1  000C4
___fldiv@aexp                                  cstackBANK2  0012C
___fldiv@b                                     cstackBANK1  000C8
___fldiv@bexp                                  cstackBANK2  0012B
___fldiv@grs                                   cstackBANK2  00127
___fldiv@new_exp                               cstackBANK2  00125
___fldiv@rem                                   cstackBANK2  00120
___fldiv@sign                                  cstackBANK2  00124
___flmul                                       text9        00090
___flmul@a                                     cstackBANK1  000AE
___flmul@aexp                                  cstackBANK1  000B8
___flmul@b                                     cstackBANK1  000AA
___flmul@bexp                                  cstackBANK1  000BD
___flmul@grs                                   cstackBANK1  000B9
___flmul@prod                                  cstackBANK1  000BE
___flmul@sign                                  cstackBANK1  000B7
___flmul@temp                                  cstackBANK1  000C2
___fltol                                       text8        00EC8
___fltol@exp1                                  cstackBANK2  00136
___fltol@f1                                    cstackBANK2  0012D
___fltol@sign1                                 cstackBANK2  00135
___heap_hi                                     (abs)        00000
___heap_lo                                     (abs)        00000
___int_sp                                      stack        00000
___latbits                                     (abs)        00001
___sp                                          stack        00000
___stackhi                                     (abs)        00000
___stacklo                                     (abs)        00000
___xxtofl                                      text7        00F39
___xxtofl@arg                                  cstackBANK1  000A6
___xxtofl@exp                                  cstackBANK1  000A5
___xxtofl@sign                                 cstackBANK1  000A4
___xxtofl@val                                  cstackBANK0  00039
__end_of_ADC_GetConversion                     text41       00C10
__end_of_ADC_Initialize                        text37       00A46
__end_of_CCP4_CaptureISR                       text59       00B5A
__end_of_CCP4_DefaultCallBack                  text60       009FB
__end_of_CCP4_Initialize                       text35       00B6C
__end_of_CCP4_SetCallBack                      text36       00A57
__end_of_CMP1_GetOutputStatus                  text3        00A0A
__end_of_CMP1_ISR                              text58       00A37
__end_of_CMP1_Initialize                       text34       00AB8
__end_of_CMP2_GetOutputStatus                  text2        00A0E
__end_of_CMP2_ISR                              text57       00AAC
__end_of_CMP2_Initialize                       text33       00AC4
__end_of_DAC_Initialize                        text32       00A1E
__end_of_EUSART_Initialize                     text28       00C35
__end_of_EUSART_Read                           text40       00B26
__end_of_EUSART_SetErrorHandler                text31       00A60
__end_of_EUSART_SetFramingErrorHandler         text30       00A69
__end_of_EUSART_SetOverrunErrorHandler         text29       00A72
__end_of_EUSART_Write                          text48       00A97
__end_of_EUSART_is_rx_ready                    text39       00A18
__end_of_EXT_INT_Initialize                    text26       00AEA
__end_of_Encoder                               text61       00D34
__end_of_FVR_Initialize                        text25       00A02
__end_of_INTERRUPT_InterruptManager            intentry     0006A
__end_of_INT_CallBack                          text55       00ADD
__end_of_INT_DefaultInterruptHandler           text56       009FC
__end_of_INT_ISR                               text54       00A13
__end_of_INT_SetInterruptHandler               text27       00A7B
__end_of_IOCBF6_DefaultInterruptHandler        text64       009FA
__end_of_IOCBF6_ISR                            text53       00AF9
__end_of_IOCBF6_SetInterruptHandler            text23       00A24
__end_of_IOCBF7_DefaultInterruptHandler        text66       009F9
__end_of_IOCBF7_ISR                            text52       00B08
__end_of_IOCBF7_SetInterruptHandler            text22       00A2A
__end_of_OSCILLATOR_Initialize                 text24       00A3E
__end_of_PIN_MANAGER_IOC                       text51       00B48
__end_of_PIN_MANAGER_Initialize                text21       00CE8
__end_of_PWM3_Initialize                       text20       00AA1
__end_of_PWM3_LoadDutyValue                    text6        00BF3
__end_of_SPI1_Initialize                       text19       00AD0
__end_of_SPI1_Open                             text38       00D8F
__end_of_SYSTEM_Initialize                     text12       007FC
__end_of_TMR1_DefaultInterruptHandler          text50       009FD
__end_of_TMR1_ISR                              text49       00BBE
__end_of_TMR1_Initialize                       text17       00BD7
__end_of_TMR1_SetInterruptHandler              text18       00A84
__end_of_TMR1_WriteTimer                       text62       00B37
__end_of_TMR2_Initialize                       text16       00A4E
__end_of_TMR4_DefaultInterruptHandler          text44       009FE
__end_of_TMR4_ISR                              text43       00B17
__end_of_TMR4_Initialize                       text14       00BA8
__end_of_TMR4_SetInterruptHandler              text15       00A8D
__end_of_WDT_Initialize                        text13       00A06
__end_of__Umul8_16                             text10       00C8A
__end_of___fldiv                               text11       004FC
__end_of___flmul                               text9        002F8
__end_of___fltol                               text8        00F39
__end_of___xxtofl                              text7        01000
__end_of__initialization                       cinit        0008C
__end_of_ctrl                                  text4        00E57
__end_of_current_floor                         text1        00CB8
__end_of_main                                  maintext     007CB
__end_of_motion                                text5        00C5F
__end_of_sensor1_ISR                           text63       00B94
__end_of_sensor2_ISR                           text65       00B80
__end_of_ser_com                               text45       00DF1
__end_of_spi1_configuration                    stringtext1  00800
__end_ofi1___fldiv                             text47       006A6
__end_ofi1___fltol                             text46       00EC8
__initialization                               cinit        0006C
__pbssBANK0                                    bssBANK0     0003D
__pbssBANK1                                    bssBANK1     000D1
__pbssBANK2                                    bssBANK2     00139
__pcstackBANK0                                 cstackBANK0  00020
__pcstackBANK1                                 cstackBANK1  000A0
__pcstackBANK2                                 cstackBANK2  00120
__pcstackCOMMON                                cstackCOMMON 00070
__pdataBANK0                                   dataBANK0    00055
__pidataBANK0                                  idataBANK0   00002
__pintentry                                    intentry     00004
__pmaintext                                    maintext     006A6
__pnvBANK0                                     nvBANK0      0004F
__pnvBANK1                                     nvBANK1      000E1
__pstringtext1                                 stringtext1  007FC
__ptext1                                       text1        00C8A
__ptext10                                      text10       00C5F
__ptext11                                      text11       002F8
__ptext12                                      text12       007CB
__ptext13                                      text13       00A02
__ptext14                                      text14       00B94
__ptext15                                      text15       00A84
__ptext16                                      text16       00A46
__ptext17                                      text17       00BBE
__ptext18                                      text18       00A7B
__ptext19                                      text19       00AC4
__ptext2                                       text2        00A0A
__ptext20                                      text20       00A97
__ptext21                                      text21       00CB8
__ptext22                                      text22       00A24
__ptext23                                      text23       00A1E
__ptext24                                      text24       00A37
__ptext25                                      text25       009FE
__ptext26                                      text26       00ADD
__ptext27                                      text27       00A72
__ptext28                                      text28       00C10
__ptext29                                      text29       00A69
__ptext3                                       text3        00A06
__ptext30                                      text30       00A60
__ptext31                                      text31       00A57
__ptext32                                      text32       00A18
__ptext33                                      text33       00AB8
__ptext34                                      text34       00AAC
__ptext35                                      text35       00B5A
__ptext36                                      text36       00A4E
__ptext37                                      text37       00A3E
__ptext38                                      text38       00D34
__ptext39                                      text39       00A13
__ptext4                                       text4        00DF1
__ptext40                                      text40       00B17
__ptext41                                      text41       00BF3
__ptext43                                      text43       00B08
__ptext44                                      text44       009FD
__ptext45                                      text45       00D8F
__ptext46                                      text46       00E57
__ptext47                                      text47       004FC
__ptext48                                      text48       00A8D
__ptext49                                      text49       00BA8
__ptext5                                       text5        00C35
__ptext50                                      text50       009FC
__ptext51                                      text51       00B37
__ptext52                                      text52       00AF9
__ptext53                                      text53       00AEA
__ptext54                                      text54       00A0E
__ptext55                                      text55       00AD0
__ptext56                                      text56       009FB
__ptext57                                      text57       00AA1
__ptext58                                      text58       00A30
__ptext59                                      text59       00B48
__ptext6                                       text6        00BD7
__ptext60                                      text60       009FA
__ptext61                                      text61       00CE8
__ptext62                                      text62       00B26
__ptext63                                      text63       00B80
__ptext64                                      text64       009F9
__ptext65                                      text65       00B6C
__ptext66                                      text66       009F8
__ptext7                                       text7        00F39
__ptext8                                       text8        00EC8
__ptext9                                       text9        00090
_colect_value                                  bssBANK0     00045
_ctrl                                          text4        00DF1
_current_floor                                 text1        00C8A
_eusartRxLastError                             bssBANK0     00044
_floor_current                                 bssBANK0     0003F
_floor_req                                     dataBANK0    00055
_main                                          maintext     006A6
_matrix                                        bssBANK2     00139
_motion                                        text5        00C35
_motor_state                                   bssBANK0     0004D
_position                                      bssBANK1     000DD
_pulses                                        bssBANK0     0004B
_rxByte                                        bssBANK0     00043
_sensor1_ISR                                   text63       00B80
_sensor2_ISR                                   text65       00B6C
_ser_com                                       text45       00D8F
_speed                                         bssBANK0     00049
_spi1_configuration                            stringtext1  007FC
_temperature                                   bssBANK0     00047
_timer1ReloadVal                               nvBANK0      00053
_txBytes                                       bssBANK1     000D9
_v                                             bssBANK0     0003D
btemp                                          (abs)        0007E
clear_ram0                                     clrtext      00A2A
end_of_initialization                          cinit        0008C
i1___fldiv                                     text47       004FC
i1___fldiv@a                                   cstackCOMMON 00070
i1___fldiv@aexp                                cstackBANK0  0002C
i1___fldiv@b                                   cstackCOMMON 00074
i1___fldiv@bexp                                cstackBANK0  0002B
i1___fldiv@grs                                 cstackBANK0  00027
i1___fldiv@new_exp                             cstackBANK0  00025
i1___fldiv@rem                                 cstackBANK0  00020
i1___fldiv@sign                                cstackBANK0  00024
i1___fltol                                     text46       00E57
i1___fltol@exp1                                cstackBANK0  00036
i1___fltol@f1                                  cstackBANK0  0002D
i1___fltol@sign1                               cstackBANK0  00035
int$flags                                      (abs)        0007E
intlevel0                                      functab      00000
intlevel1                                      functab      00000
intlevel2                                      functab      00000
intlevel3                                      functab      00000
intlevel4                                      functab      00000
intlevel5                                      functab      00000
reset_vec                                      reset_vec    00000
ser_com@i                                      cstackBANK0  00037
start                                          init         0006A
start_initialization                           cinit        0006C
wtemp0                                         (abs)        0007E


MODULE INFORMATION

Module		Function		Class		Link	Load	Size
C:\Program Files\Microchip\xc8\v2.40\pic\sources\c99\common\sprcmul.c
		___flmul       		CODE           	0090	0000	616

C:\Program Files\Microchip\xc8\v2.40\pic\sources\c99\common\sprcmul.c estimated size: 616

mcc_generated_files/cmp1.c
		_CMP1_Initialize		CODE           	0AAC	0000	12
		_CMP1_GetOutputStatus		CODE           	0A06	0000	4

mcc_generated_files/cmp1.c estimated size: 16

C:\Program Files\Microchip\xc8\v2.40\pic\sources\c99\common\sprcdiv.c
		___fldiv       		CODE           	02F8	0000	516

C:\Program Files\Microchip\xc8\v2.40\pic\sources\c99\common\sprcdiv.c estimated size: 516

mcc_generated_files/fvr.c
		_FVR_Initialize		CODE           	09FE	0000	4

mcc_generated_files/fvr.c estimated size: 4

C:\Program Files\Microchip\xc8\v2.40\pic\sources\c99\common\fltol.c
		___fltol       		CODE           	0EC8	0000	113

C:\Program Files\Microchip\xc8\v2.40\pic\sources\c99\common\fltol.c estimated size: 113

mcc_generated_files/tmr4.c
		_TMR4_ISR      		CODE           	0B08	0000	15
		_TMR4_Initialize		CODE           	0B94	0000	20
		_TMR4_SetInterruptHandler		CODE           	0A84	0000	9
		_TMR4_DefaultInterruptHandler		CODE           	09FD	0000	1

mcc_generated_files/tmr4.c estimated size: 45

mcc_generated_files/tmr2.c
		_TMR2_Initialize		CODE           	0A46	0000	8

mcc_generated_files/tmr2.c estimated size: 8

mcc_generated_files/interrupt_manager.c
		_INTERRUPT_InterruptManager		CODE           	0004	0000	102

mcc_generated_files/interrupt_manager.c estimated size: 102

mcc_generated_files/pin_manager.c
		_IOCBF6_DefaultInterruptHandler		CODE           	09F9	0000	1
		_PIN_MANAGER_Initialize		CODE           	0CB8	0000	48
		_IOCBF6_ISR    		CODE           	0AEA	0000	15
		_IOCBF7_DefaultInterruptHandler		CODE           	09F8	0000	1
		_IOCBF7_ISR    		CODE           	0AF9	0000	15
		_IOCBF6_SetInterruptHandler		CODE           	0A1E	0000	6
		_PIN_MANAGER_IOC		CODE           	0B37	0000	17
		_IOCBF7_SetInterruptHandler		CODE           	0A24	0000	6

mcc_generated_files/pin_manager.c estimated size: 109

mcc_generated_files/spi1.c
		_SPI1_Open     		CODE           	0D34	0000	91
		_SPI1_Initialize		CODE           	0AC4	0000	12

mcc_generated_files/spi1.c estimated size: 103

mcc_generated_files/ccp4.c
		_CCP4_SetCallBack		CODE           	0A4E	0000	9
		_CCP4_CaptureISR		CODE           	0B48	0000	18
		_CCP4_DefaultCallBack		CODE           	09FA	0000	1
		_CCP4_Initialize		CODE           	0B5A	0000	18

mcc_generated_files/ccp4.c estimated size: 46

mcc_generated_files/adc.c
		_ADC_Initialize		CODE           	0A3E	0000	8
		_ADC_GetConversion		CODE           	0BF3	0000	29

mcc_generated_files/adc.c estimated size: 37

mcc_generated_files/cmp2.c
		_CMP2_GetOutputStatus		CODE           	0A0A	0000	4
		_CMP2_Initialize		CODE           	0AB8	0000	12

mcc_generated_files/cmp2.c estimated size: 16

C:\Program Files\Microchip\xc8\v2.40\pic\sources\c99\common\xxtofl.c
		___xxtofl      		CODE           	0F39	0000	199

C:\Program Files\Microchip\xc8\v2.40\pic\sources\c99\common\xxtofl.c estimated size: 199

mcc_generated_files/ext_int.c
		_INT_DefaultInterruptHandler		CODE           	09FB	0000	1
		_EXT_INT_Initialize		CODE           	0ADD	0000	13
		_INT_SetInterruptHandler		CODE           	0A72	0000	9
		_INT_CallBack  		CODE           	0AD0	0000	13
		_INT_ISR       		CODE           	0A0E	0000	5

mcc_generated_files/ext_int.c estimated size: 41

shared
		i1___fldiv     		CODE           	04FC	0000	426
		i1___fltol     		CODE           	0E57	0000	113
		__initialization		CODE           	006C	0000	32
		_spi1_configuration		STRCODE        	07FC	0000	4

shared estimated size: 575

mcc_generated_files/mcc.c
		_WDT_Initialize		CODE           	0A02	0000	4
		_OSCILLATOR_Initialize		CODE           	0A37	0000	7
		_SYSTEM_Initialize		CODE           	07CB	0000	49

mcc_generated_files/mcc.c estimated size: 60

mcc_generated_files/pwm3.c
		_PWM3_Initialize		CODE           	0A97	0000	10
		_PWM3_LoadDutyValue		CODE           	0BD7	0000	28

mcc_generated_files/pwm3.c estimated size: 38

mcc_generated_files/tmr1.c
		_TMR1_Initialize		CODE           	0BBE	0000	25
		_TMR1_SetInterruptHandler		CODE           	0A7B	0000	9
		_TMR1_DefaultInterruptHandler		CODE           	09FC	0000	1
		_TMR1_WriteTimer		CODE           	0B26	0000	17
		_TMR1_ISR      		CODE           	0BA8	0000	22

mcc_generated_files/tmr1.c estimated size: 74

mcc_generated_files/eusart.c
		_EUSART_Read   		CODE           	0B17	0000	15
		_EUSART_Write  		CODE           	0A8D	0000	10
		_EUSART_Initialize		CODE           	0C10	0000	37
		_EUSART_SetFramingErrorHandler		CODE           	0A60	0000	9
		_EUSART_SetErrorHandler		CODE           	0A57	0000	9
		_EUSART_SetOverrunErrorHandler		CODE           	0A69	0000	9
		_EUSART_is_rx_ready		CODE           	0A13	0000	5

mcc_generated_files/eusart.c estimated size: 94

mcc_generated_files/dac.c
		_DAC_Initialize		CODE           	0A18	0000	6

mcc_generated_files/dac.c estimated size: 6

C:\Program Files\Microchip\xc8\v2.40\pic\sources\c99\common\Umul8_16.c
		__Umul8_16     		CODE           	0C5F	0000	43

C:\Program Files\Microchip\xc8\v2.40\pic\sources\c99\common\Umul8_16.c estimated size: 43

main.c
		_sensor1_ISR   		CODE           	0B80	0000	20
		_main          		CODE           	06A6	0000	293
		_Encoder       		CODE           	0CE8	0000	76
		_current_floor 		CODE           	0C8A	0000	46
		_motion        		CODE           	0C35	0000	42
		_CMP1_ISR      		CODE           	0A30	0000	7
		_CMP2_ISR      		CODE           	0AA1	0000	11
		_ser_com       		CODE           	0D8F	0000	98
		_ctrl          		CODE           	0DF1	0000	102
		_sensor2_ISR   		CODE           	0B6C	0000	20

main.c estimated size: 715

